SHI TEMPLATE Errors 

event>>>>>>>> MessageEvent
:3000/api/attendance/records?page=1&limit=20&startDate=2026-02-28&endDate=2026-03-09:1  Failed to load resource: the server responded with a status of 500 (Internal Server Error)Understand this error
attendanceService.ts:142 Error fetching attendance records: AxiosError: Request failed with status code 500
    at settle (axios.js?v=67da4d1b:1281:12)
    at XMLHttpRequest.onloadend (axios.js?v=67da4d1b:1638:7)
    at Axios.request (axios.js?v=67da4d1b:2255:41)
    at async getAllAttendanceRecords (attendanceService.ts:116:22)
    at async Promise.all (:3001/index 0)
    at async loadData (AttendanceView.tsx:143:67)
getAllAttendanceRecords @ attendanceService.ts:142Understand this error
:3000/api/attendance/records?page=1&limit=20&startDate=2026-02-28&endDate=2026-03-09:1  Failed to load resource: the server responded with a status of 500 (Internal Server Error)Understand this error
attendanceService.ts:142 Error fetching attendance records: AxiosError: Request failed with status code 500
    at settle (axios.js?v=67da4d1b:1281:12)
    at XMLHttpRequest.onloadend (axios.js?v=67da4d1b:1638:7)
    at Axios.request (axios.js?v=67da4d1b:2255:41)
    at async getAllAttendanceRecords (attendanceService.ts:116:22)
    at async Promise.all (:3001/index 0)
    at async loadData (AttendanceView.tsx:143:67)
getAllAttendanceRecords @ attendanceService.ts:142Understand this error
App.tsx:332 App component is rendering
App.tsx:903 isSystemInitialized value: true
App.tsx:935 System is initialized, proceeding to login check
App.tsx:332 App component is rendering
App.tsx:903 isSystemInitialized value: true
App.tsx:935 System is initialized, proceeding to login check
App.tsx:332 App component is rendering
App.tsx:903 isSystemInitialized value: true
App.tsx:935 System is initialized, proceeding to login check
App.tsx:332 App component is rendering
App.tsx:903 isSystemInitialized value: true
App.tsx:935 System is initialized, proceeding to login check
App.tsx:332 App component is rendering
App.tsx:903 isSystemInitialized value: true
App.tsx:935 System is initialized, proceeding to login check
:3000/api/shift-timings:1  Failed to load resource: the server responded with a status of 404 (Not Found)Understand this error
attendanceService.ts:1116 Error fetching shift timings: AxiosError: Request failed with status code 404
    at settle (axios.js?v=67da4d1b:1281:12)
    at XMLHttpRequest.onloadend (axios.js?v=67da4d1b:1638:7)
    at Axios.request (axios.js?v=67da4d1b:2255:41)
    at async getAllShiftTimings (attendanceService.ts:1104:22)
    at async refreshShiftTimings (TimeManagementView.tsx:69:24)
getAllShiftTimings @ attendanceService.ts:1116Understand this error
:3000/api/shift-timings:1  Failed to load resource: the server responded with a status of 404 (Not Found)Understand this error
attendanceService.ts:1116 Error fetching shift timings: AxiosError: Request failed with status code 404
    at settle (axios.js?v=67da4d1b:1281:12)
    at XMLHttpRequest.onloadend (axios.js?v=67da4d1b:1638:7)
    at Axios.request (axios.js?v=67da4d1b:2255:41)
    at async getAllShiftTimings (attendanceService.ts:1104:22)
    at async refreshIndividualShifts (TimeManagementView.tsx:87:24)
getAllShiftTimings @ attendanceService.ts:1116Understand this error
content.js:1 event>>>>>>>> MessageEvent
App.tsx:332 App component is rendering
App.tsx:903 isSystemInitialized value: true
App.tsx:935 System is initialized, proceeding to login check
App.tsx:332 App component is rendering
App.tsx:903 isSystemInitialized value: true
App.tsx:935 System is initialized, proceeding to login check
:3000/api/shift-templates:1  Failed to load resource: the server responded with a status of 404 (Not Found)Understand this error
apiServices.ts:253 Error fetching shift templates: AxiosError: Request failed with status code 404
    at settle (axios.js?v=67da4d1b:1281:12)
    at XMLHttpRequest.onloadend (axios.js?v=67da4d1b:1638:7)
    at Axios.request (axios.js?v=67da4d1b:2255:41)
    at async Object.getShiftTemplates (apiServices.ts:240:24)
    at async ShiftSchedulingService.getShiftTemplates (shiftSchedulingService.ts:23:24)
    at async loadData (ShiftSchedulingView.tsx:127:30)
getShiftTemplates @ apiServices.ts:253Understand this error
content.js:1 event>>>>>>>> MessageEvent
content.js:1 event>>>>>>>> MessageEvent
content.js:1 event>>>>>>>> MessageEvent
content.js:1 event>>>>>>>> MessageEvent
content.js:1 event>>>>>>>> MessageEvent
App.tsx:332 App component is rendering
App.tsx:903 isSystemInitialized value: true
App.tsx:935 System is initialized, proceeding to login check
App.tsx:332 App component is rendering
App.tsx:903 isSystemInitialized value: true
App.tsx:935 System is initialized, proceeding to login check
content.js:1 event>>>>>>>> MessageEvent
content.js:1 event>>>>>>>> MessageEvent
content.js:1 event>>>>>>>> MessageEvent
content.js:1 event>>>>>>>> MessageEvent
content.js:1 event>>>>>>>> MessageEvent
:3000/api/shift-templates:1  Failed to load resource: the server responded with a status of 404 (Not Found)Understand this error
apiServices.ts:311 Error creating shift template: AxiosError: Request failed with status code 404
    at settle (axios.js?v=67da4d1b:1281:12)
    at XMLHttpRequest.onloadend (axios.js?v=67da4d1b:1638:7)
    at Axios.request (axios.js?v=67da4d1b:2255:41)
    at async Object.createShiftTemplate (apiServices.ts:298:24)
    at async ShiftSchedulingService.createShiftTemplate (shiftSchedulingService.ts:43:24)
    at async handleCreateTemplate (ShiftSchedulingView.tsx:208:24)
createShiftTemplate @ apiServices.ts:311Understand this error
content.js:1 event>>>>>>>> MessageEvent {isTrusted: true, data: {…}, origin: 'http://localhost:3001', lastEventId: '', source: Window, …}
content.js:1 event>>>>>>>> MessageEvent {isTrusted: true, data: {…}, origin: 'http://localhost:3001', lastEventId: '', source: Window, …}
content.js:1 event>>>>>>>> MessageEvent {isTrusted: true, data: {…}, origin: 'http://localhost:3001', lastEventId: '', source: Window, …}
content.js:1 event>>>>>>>> MessageEvent {isTrusted: true, data: {…}, origin: 'http://localhost:3001', lastEventId: '', source: Window, …}
App.tsx:332 App component is rendering
App.tsx:903 isSystemInitialized value: true
App.tsx:935 System is initialized, proceeding to login check
App.tsx:332 App component is rendering
App.tsx:903 isSystemInitialized value: true
App.tsx:935 System is initialized, proceeding to login check
content.js:1 event>>>>>>>> MessageEvent {isTrusted: true, data: {…}, origin: 'http://localhost:3001', lastEventId: '', source: Window, …}
content.js:1 event>>>>>>>> MessageEvent {isTrusted: true, data: {…}, origin: 'http://localhost:3001', lastEventId: '', source: Window, …}
content.js:1 event>>>>>>>> MessageEvent {isTrusted: true, data: {…}, origin: 'http://localhost:3001', lastEventId: '', source: Window, …}
content.js:1 event>>>>>>>> MessageEvent {isTrusted: true, data: {…}, origin: 'http://localhost:3001', lastEventId: '', source: Window, …}
content.js:1 event>>>>>>>> MessageEvent {isTrusted: true, data: {…}, origin: 'http://localhost:3001', lastEventId: '', source: Window, …}
content.js:1 event>>>>>>>> MessageEvent {isTrusted: true, data: {…}, origin: 'http://localhost:3001', lastEventId: '', source: Window, …}
content.js:1 event>>>>>>>> MessageEvent {isTrusted: true, data: {…}, origin: 'http://localhost:3001', lastEventId: '', source: Window, …}
content.js:1 event>>>>>>>> MessageEvent {isTrusted: true, data: {…}, origin: 'http://localhost:3001', lastEventId: '', source: Window, …}
content.js:1 event>>>>>>>> MessageEvent {isTrusted: true, data: {…}, origin: 'http://localhost:3001', lastEventId: '', source: Window, …}
App.tsx:332 App component is rendering
App.tsx:903 isSystemInitialized value: true
App.tsx:935 System is initialized, proceeding to login check
content.js:1 event>>>>>>>> MessageEvent {isTrusted: true, data: {…}, origin: 'http://localhost:3001', lastEventId: '', source: Window, …}
App.tsx:332 App component is rendering
App.tsx:903 isSystemInitialized value: true
App.tsx:935 System is initialized, proceeding to login check
content.js:1 event>>>>>>>> MessageEvent {isTrusted: true, data: {…}, origin: 'http://localhost:3001', lastEventId: '', source: Window, …}
content.js:1 event>>>>>>>> MessageEvent {isTrusted: true, data: {…}, origin: 'http://localhost:3001', lastEventId: '', source: Window, …}
content.js:1 event>>>>>>>> MessageEvent {isTrusted: true, data: {…